// Jest Snapshot v1, https://goo.gl/fbAQLP

exports[`The AdvertisingProvider component when provided a configuration from the start renders correctly 1`] = `
<div
  id="advertising-context-provider"
>
  <h1>
    hello
  </h1>
</div>
`;

exports[`The AdvertisingProvider component when provided a configuration from the start uses an AdvertisingContext.Provider to pass the activate method of the advertising module 1`] = `[Function]`;
