// Jest Snapshot v1, https://goo.gl/fbAQLP

exports[`When I get a Prebid size mapping with a size mapping name and size mappings that contain the mapping with the name the result is correct 1`] = `
Array [
  Object {
    "minWidth": 200,
    "sizes": "sizes",
  },
  Object {
    "minWidth": 100,
    "sizes": "sizes",
  },
]
`;
